[2026-02-25 09:10:16] [INFO] 初始化完成
[2026-02-25 09:10:21] [INFO] 定期更新 GFWList...
[2026-02-25 09:10:21] [INFO] 下载 GFWList...
[2026-02-25 09:10:21] [INFO] 使用代理: http://127.0.0.1:7890
[2026-02-25 09:10:21] [WARN] GFWList 下载失败，使用本地缓存
[2026-02-25 09:10:27] [INFO] 定期更新 GFWList...
[2026-02-25 09:10:27] [INFO] 下载 GFWList...
[2026-02-25 09:12:01] [INFO] 合并域名列表...
[2026-02-25 09:12:01] [INFO] 合并完成，共 35 个域名
[2026-02-28 08:57:05] [INFO] 初始化完成
[2026-02-28 08:57:22] [INFO] 定期更新 GFWList...
[2026-02-28 08:57:22] [INFO] 下载 GFWList...
[2026-02-28 08:57:23] [ERROR] GFWList 解码失败
[2026-02-28 09:02:52] [INFO] 检测网站: google.com
[2026-02-28 09:02:52] [INFO] 域名在 GFW 列表中，切换到国外网络
[2026-02-28 09:02:52] [INFO] 切换到 foreign WiFi (P20)...
[2026-02-28 09:03:01] [ERROR] ❌ 切换失败，当前连接: 
[2026-02-28 09:25:09] [INFO] 检测网站: google.com
[2026-02-28 09:25:09] [INFO] 域名在 GFW 列表中，切换到国外网络
[2026-02-28 09:25:09] [INFO] 切换到 foreign WiFi (P20)...
[2026-02-28 09:25:17] [ERROR] ❌ 切换失败，当前连接: 
[2026-02-28 09:26:03] [INFO] 切换到 domestic WiFi (Pixel_4175)...
[2026-02-28 09:26:12] [ERROR] ❌ 切换失败，当前连接: 
[2026-02-28 09:26:35] [INFO] 切换到 foreign WiFi (P20)...
[2026-02-28 09:26:44] [ERROR] ❌ 切换失败，当前连接: 
[2026-02-28 09:26:59] [INFO] 目标: youtube.com -> foreign 网络
[2026-02-28 09:26:59] [INFO] 切换到 foreign WiFi (P20)...
[2026-02-28 09:27:08] [ERROR] ❌ 切换失败，当前连接: 
[2026-02-28 09:27:17] [DEBUG] DNS 解析失败: google.com
[2026-02-28 09:27:17] [WARN] 网站不可访问
[2026-02-28 09:29:15] [INFO] 定期更新 GFWList...
[2026-02-28 09:29:15] [INFO] 下载 GFWList...
[2026-02-28 09:29:16] [ERROR] GFWList 解码失败
[2026-02-28 17:14:17] [INFO] 切换到 foreign WiFi (HUAWEI_2199)...
[2026-02-28 17:14:27] [INFO] ✅ 已成功切换到 HUAWEI_2199
[2026-03-05 12:16:15] [INFO] 已添加域名: binance.com -> /Users/mac/clawd/skills/smart-wifi-switch/data/foreign-wifi-list.txt
[2026-03-05 12:16:15] [INFO] 合并域名列表...
[2026-03-05 12:16:15] [INFO] 合并完成，共 36 个域名
